ASxxxx Linker V03.00/V05.40 + sdld,  page 1.
Hexadecimal  [32-Bits]

Area                                    Addr        Size        Decimal Bytes (Attributes)
--------------------------------        ----        ----        ------- ----- ------------
.  .ABS.                            00000000    00000000 =           0. bytes (ABS,CON)

      Value  Global                              Global Defined In Module
      -----  --------------------------------   ------------------------
     00000000  .__.ABS.                           
     00000000  _rRAMG                             
     00000000  l__BASE                         
     00000000  l__BSS                          
     00000000  l__CABS                         
     00000000  l__CODE_0                       
     00000000  l__CRASH_HEADER                 
     00000000  l__CRASH_SCRATCH                
     00000000  l__DABS                         
     00000000  l__HEADER                       
     00000000  l__HEADER_LCD                   
     00000000  l__HEADER_SIO                   
     00000000  l__HEADER_TIMER                 
     00000000  l__HEAP                         
     00000000  l__HEAP_END                     
     00000000  l__HRAM                         
     00000000  l__LIT                          
     00000000  s__CABS                         
     00000000  s__CRASH_HEADER                 
     00000000  s__CRASH_HEADER0                
     00000000  s__CRASH_HEADER1                
     00000000  s__CRASH_SCRATCH                
     00000000  s__CRASH_SCRATCH2               
     00000000  s__DABS                         
     00000000  s__HEADER                       
     00000000  s__HEADER0                      
     00000000  s__HEADER1                      
     00000000  s__HEADER10                     
     00000000  s__HEADER11                     
     00000000  s__HEADER2                      
     00000000  s__HEADER3                      
     00000000  s__HEADER4                      
     00000000  s__HEADER5                      
     00000000  s__HEADER6                      
     00000000  s__HEADER7                      
     00000000  s__HEADER8                      
     00000000  s__HEADER9                      
     00000000  s__HEADER_LCD                   
     00000000  s__HEADER_LCD0                  
     00000000  s__HEADER_SIO                   
     00000000  s__HEADER_SIO0                  
     00000000  s__HEADER_TIMER                 
     00000000  s__HEADER_TIMER0                
     00000000  s__HEADERa                      
     00000000  s__HEADERb                      
     00000000  s__HEADERc                      
     00000000  s__HEADERd                      
     00000000  s__HEADERe                      
     00000000  s__HEADERf                      
     00000000  s__HRAM                         
ASxxxx Linker V03.00/V05.40 + sdld,  page 2.
Hexadecimal  [32-Bits]

Area                                    Addr        Size        Decimal Bytes (Attributes)
--------------------------------        ----        ----        ------- ----- ------------
.  .ABS.                            00000000    00000000 =           0. bytes (ABS,CON)

      Value  Global                              Global Defined In Module
      -----  --------------------------------   ------------------------
     00000000  s__HRAM12                       
     00000001  ___bank_VM_SGB                     vm_sgb
     00000001  ___bank_bg_3_tilemap_attr          bg_3_tilemap_attr
     00000001  ___bank_bg_city2_tileset           bg_city2_tileset
     00000001  ___bank_sprite_new_piskel_1_png    sprite_new_piskel_1_png
     00000001  b_ui_draw_frame                    ui
     00000001  b_ui_draw_text_buffer_char         ui
     00000001  b_ui_init                          ui
     00000001  b_ui_load_tiles                    ui
     00000001  b_ui_run_menu                      ui
     00000001  b_ui_run_modal                     ui
     00000001  b_ui_set_start_tile                ui
     00000001  l__GSFINAL                      
     00000001  l__HEADER0                      
     00000001  l__HEADER5                      
     00000001  l__HEADERa                      
     00000001  l__HEADERb                      
     00000001  l__HEADERc                      
     00000001  l__HEADERe                      
     00000001  l__HEADERf                      
     00000002  ___bank_scene_44_sprites           scene_44_sprites
     00000002  ___bank_song_song_template_Data    song_song_template_Data
     00000002  ___bank_sprite_room2_tileset       sprite_room2_tileset
     00000002  l__HEADER10                     
     00000002  l__HEADER6                      
     00000002  l__HEADERd                      
     00000003  ___bank_bg_3_tilemap               bg_3_tilemap
     00000003  ___bank_script_5                   script_5
     00000003  ___bank_song_the_real_door_Data    song_the_real_door_Data
     00000003  l__HEADER9                      
     00000003  l__HEADER_LCD0                  
     00000003  l__HRAM12                       
     00000004  ___bank_bg_legend4_tilemap_attr    bg_legend4_tilemap_attr
     00000004  ___bank_scene_21_collisions        scene_21_collisions
     00000004  ___bank_song_susie_Data            song_susie_Data
     00000004  l__CRASH_HEADER1                
     00000004  l__HEADER_SIO0                  
     00000004  l__HEADER_TIMER0                
     00000005  ___bank_bg_4_tilemap_attr          bg_4_tilemap_attr
     00000005  ___bank_script_2                   script_2
     00000005  ___bank_song_beginning_Data        song_beginning_Data
     00000005  l__CRASH_HEADER0                
     00000005  l__HEADER1                      
     00000006  ___bank_bg_4_tilemap               bg_4_tilemap
     00000006  ___bank_song_savetransfer_Data     song_savetransfer_Data
     00000006  b_CGBZeroPalette                   palette
     00000006  b_palette_init                     palette
     00000006  l__HEADER8                      
     00000007  ___bank_scene_14_sprites           scene_14_sprites
     00000007  ___bank_scene_25_collisions        scene_25_collisions
     00000007  ___bank_song_school_Data           song_school_Data
ASxxxx Linker V03.00/V05.40 + sdld,  page 3.
Hexadecimal  [32-Bits]

Area                                    Addr        Size        Decimal Bytes (Attributes)
--------------------------------        ----        ----        ------- ----- ------------
.  .ABS.                            00000000    00000000 =           0. bytes (ABS,CON)

      Value  Global                              Global Defined In Module
      -----  --------------------------------   ------------------------
     00000007  b_gbprinter_detect                 gbprinter
     00000007  b_gbprinter_print_overlay          gbprinter
     00000007  l__HEADER2                      
     00000008  ___bank_scene_65_init              scene_65_init
     00000008  ___bank_script_9                   script_9
     00000008  ___bank_song_lancervsvr_Data       song_lancervsvr_Data
     00000008  ___mute_mask_sound_legacy_0        sound_legacy_0
     00000008  ___mute_mask_sound_legacy_0_0      sound_legacy_0_0
     00000008  ___mute_mask_sound_legacy_0_1      sound_legacy_0_1
     00000008  ___mute_mask_sound_legacy_0_2      sound_legacy_0_2
     00000008  l__HEADER3                      
     00000009  ___bank_song_anothergameover_Dat   song_anothergameover_Data
     00000009  ___bank_song_song_template_0_Dat   song_song_template_0_Data
     00000009  ___bank_sprite_susiehs_copie       sprite_susiehs_copie
     00000009  ___bank_tileset_gbs_mono           tileset_gbs_mono
     0000000A  ___bank_ACTOR                      actor
     0000000A  ___bank_VM_ACTOR                   vm_actor
     0000000A  ___bank_bg_black_copie_tileset     bg_black_copie_tileset
     0000000A  ___bank_scene_21_sprites           scene_21_sprites
     0000000A  ___bank_song_emptytown_Data        song_emptytown_Data
     0000000A  b_activate_actor                   actor
     0000000A  b_activate_actors_in_col           actor
     0000000A  b_activate_actors_in_row           actor
     0000000A  b_actor_at_tile                    actor
     0000000A  b_actor_get_frame_offset           actor
     0000000A  b_actor_in_front_of_player         actor
     0000000A  b_actor_overlapping_bb             actor
     0000000A  b_actor_overlapping_player         actor
     0000000A  b_actor_set_anim_idle              actor
     0000000A  b_actor_set_anim_moving            actor
     0000000A  b_actor_set_dir                    actor
     0000000A  b_actor_set_frame_offset           actor
     0000000A  b_actor_set_frames                 actor
     0000000A  b_actors_handle_player_collision   actor
     0000000A  b_actors_init                      actor
     0000000A  b_check_collision_in_direction     actor
     0000000A  b_deactivate_actor                 actor
     0000000A  b_player_init                      actor
     0000000A  b_projectile_launch                projectiles
     0000000A  b_projectiles_init                 projectiles
     0000000A  b_vm_actor_activate                vm_actor
     0000000A  b_vm_actor_begin_update            vm_actor
     0000000A  b_vm_actor_deactivate              vm_actor
     0000000A  b_vm_actor_emote                   vm_actor
     0000000A  b_vm_actor_get_angle               vm_actor
     0000000A  b_vm_actor_get_anim_frame          vm_actor
     0000000A  b_vm_actor_get_dir                 vm_actor
     0000000A  b_vm_actor_get_pos                 vm_actor
     0000000A  b_vm_actor_move_cancel             vm_actor
     0000000A  b_vm_actor_move_to                 vm_actor
     0000000A  b_vm_actor_replace_tile            vm_actor
ASxxxx Linker V03.00/V05.40 + sdld,  page 4.
Hexadecimal  [32-Bits]

Area                                    Addr        Size        Decimal Bytes (Attributes)
--------------------------------        ----        ----        ------- ----- ------------
.  .ABS.                            00000000    00000000 =           0. bytes (ABS,CON)

      Value  Global                              Global Defined In Module
      -----  --------------------------------   ------------------------
     0000000A  b_vm_actor_set_anim                vm_actor
     0000000A  b_vm_actor_set_anim_frame          vm_actor
     0000000A  b_vm_actor_set_anim_set            vm_actor
     0000000A  b_vm_actor_set_anim_tick           vm_actor
     0000000A  b_vm_actor_set_bounds              vm_actor
     0000000A  b_vm_actor_set_dir                 vm_actor
     0000000A  b_vm_actor_set_flags               vm_actor
     0000000A  b_vm_actor_set_move_speed          vm_actor
     0000000A  b_vm_actor_set_pos                 vm_actor
     0000000A  b_vm_actor_set_spritesheet         vm_actor
     0000000A  b_vm_actor_set_spritesheet_by_re   vm_actor
     0000000A  b_vm_actor_terminate_update        vm_actor
     0000000B  ___bank_actor_37_interact          actor_37_interact
     0000000B  ___bank_bg_8_tilemap_attr          bg_8_tilemap_attr
     0000000B  ___bank_bg_9_tilemap               bg_9_tilemap
     0000000B  ___bank_bg_9_tilemap_attr          bg_9_tilemap_attr
     0000000B  ___bank_scene_25_sprites           scene_25_sprites
     0000000B  ___bank_scene_61_collisions        scene_61_collisions
     0000000C  ___bank_VM_MAIN                    vm
     0000000C  ___bank_bg_8_tilemap               bg_8_tilemap
     0000000C  ___bank_bg_krislegend_tileset      bg_krislegend_tileset
     0000000C  ___bank_font_gbs_mono_0            font_gbs_mono_0
     0000000C  ___bank_scene_60_collisions        scene_60_collisions
     0000000C  b_remove_LCD_ISRs                  interrupts
     0000000C  b_script_detach_hthread            vm
     0000000C  b_script_execute                   vm
     0000000C  b_script_runner_init               vm
     0000000C  b_script_terminate                 vm
     0000000C  b_vm_call                          vm
     0000000C  b_vm_call_far                      vm
     0000000C  b_vm_get_indirect                  vm
     0000000C  b_vm_get_tlocal                    vm
     0000000C  b_vm_idle                          vm
     0000000C  b_vm_if                            vm
     0000000C  b_vm_if_const                      vm
     0000000C  b_vm_init_rng                      vm
     0000000C  b_vm_invoke                        vm
     0000000C  b_vm_join                          vm
     0000000C  b_vm_jump                          vm
     0000000C  b_vm_lock                          vm
     0000000C  b_vm_loop                          vm
     0000000C  b_vm_memcpy                        vm
     0000000C  b_vm_memset                        vm
     0000000C  b_vm_poll_loaded                   vm
     0000000C  b_vm_pop                           vm
     0000000C  b_vm_push                          vm
     0000000C  b_vm_push_reference                vm
     0000000C  b_vm_push_value                    vm
     0000000C  b_vm_push_value_ind                vm
     0000000C  b_vm_raise                         vm
     0000000C  b_vm_rand                          vm
ASxxxx Linker V03.00/V05.40 + sdld,  page 5.
Hexadecimal  [32-Bits]

Area                                    Addr        Size        Decimal Bytes (Attributes)
--------------------------------        ----        ----        ------- ----- ------------
.  .ABS.                            00000000    00000000 =           0. bytes (ABS,CON)

      Value  Global                              Global Defined In Module
      -----  --------------------------------   ------------------------
     0000000C  b_vm_reserve                       vm
     0000000C  b_vm_ret                           vm
     0000000C  b_vm_ret_far                       vm
     0000000C  b_vm_set                           vm
     0000000C  b_vm_set_const                     vm
     0000000C  b_vm_set_indirect                  vm
     0000000C  b_vm_terminate                     vm
     0000000C  b_vm_test_terminate                vm
     0000000C  b_vm_unlock                        vm
     0000000C  b_wait_frames                      vm
     0000000D  ___bank_bg_10                      bg_10
     0000000D  ___bank_bg_quelesttonnom_tileset   bg_quelesttonnom_tileset
     0000000D  ___bank_font_gbs_mono              font_gbs_mono
     0000000D  ___bank_font_gbs_mono_copie        font_gbs_mono_copie
     0000000D  ___bank_font_gbs_mono_copie_0      font_gbs_mono_copie_0
     0000000D  ___bank_font_gbs_portrait          font_gbs_portrait
     0000000E  ___bank_bg_kris_s_tileset          bg_kris_s_tileset
     0000000E  ___bank_bg_krislegend_tilemap_at   bg_krislegend_tilemap_attr
     0000000E  ___bank_bg_room_tileset            bg_room_tileset
     0000000E  ___bank_bg_secoundfountain_tiles   bg_secoundfountain_tileset
     0000000E  ___bank_font_gbs_portrait_copie    font_gbs_portrait_copie
     0000000E  ___bank_song_anotherhim_Data       song_anotherhim_Data
     0000000F  ___bank_bg_5_tileset               bg_5_tileset
     0000000F  ___bank_bg_exterior_tileset        bg_exterior_tileset
     0000000F  ___bank_bg_kris_ss_tileset         bg_kris_ss_tileset
     0000000F  ___bank_bg_schoolcorridor1_tiles   bg_schoolcorridor1_tileset
     0000000F  ___bank_bg_the_castle_copie_tile   bg_the_castle_copie_tileset
     0000000F  ___bank_bg_thetle_tileset          bg_thetle_tileset
     0000000F  ___bank_scene_32_sprites           scene_32_sprites
     0000000F  ___bank_trigger_13_interact        trigger_13_interact
     00000010  ___bank_bg_4_tileset               bg_4_tileset
     00000010  ___bank_bg_9_1__tilemap_attr       bg_9_1__tilemap_attr
     00000010  ___bank_bg_fountaincastle_tilese   bg_fountaincastle_tileset
     00000010  ___bank_bg_ralseilegend_tileset    bg_ralseilegend_tileset
     00000010  ___bank_bg_schoolint_tileset       bg_schoolint_tileset
     00000010  ___bank_scene_14_init              scene_14_init
     00000010  ___bank_scene_34_sprites           scene_34_sprites
     00000011  ___bank_bg_9_1__tilemap            bg_9_1__tilemap
     00000011  ___bank_bg_gameover_tileset        bg_gameover_tileset
     00000011  ___bank_bg_schoolext_tileset       bg_schoolext_tileset
     00000011  ___bank_scene_62_collisions        scene_62_collisions
     00000011  ___bank_song_song_templateffrzre   song_song_templateffrzref_Da
     00000011  ___bank_trigger_26_interact        trigger_26_interact
     00000011  b_do_load_palette                  data_manager
     00000011  b_load_background                  data_manager
     00000011  b_load_bkg_tileset                 data_manager
     00000011  b_load_bounds                      data_manager
     00000011  b_load_emote                       data_manager
     00000011  b_load_init                        data_manager
     00000011  b_load_player                      data_manager
     00000011  b_load_scene                       data_manager
ASxxxx Linker V03.00/V05.40 + sdld,  page 6.
Hexadecimal  [32-Bits]

Area                                    Addr        Size        Decimal Bytes (Attributes)
--------------------------------        ----        ----        ------- ----- ------------
.  .ABS.                            00000000    00000000 =           0. bytes (ABS,CON)

      Value  Global                              Global Defined In Module
      -----  --------------------------------   ------------------------
     00000011  b_load_sprite                      data_manager
     00000012  ___bank_VM_UI                      vm_ui
     00000012  ___bank_actor_62_interact          actor_62_interact
     00000012  ___bank_bg_legend2_tileset         bg_legend2_tileset
     00000012  ___bank_bg_legend5d_tileset        bg_legend5d_tileset
     00000012  ___bank_bg_susielegend_tileset     bg_susielegend_tileset
     00000012  ___bank_bg_toilet2_tileset         bg_toilet2_tileset
     00000012  ___bank_song_fallinggg_Data        song_fallinggg_Data
     00000012  ___bank_sprite_lacer_shadow_tile   sprite_lacer_shadow_tileset
     00000012  b_vm_choice                        vm_ui
     00000012  b_vm_display_text                  vm_ui
     00000012  b_vm_overlay_clear                 vm_ui
     00000012  b_vm_overlay_move_to               vm_ui
     00000012  b_vm_overlay_scroll                vm_ui
     00000012  b_vm_overlay_set_map               vm_ui
     00000012  b_vm_overlay_set_scroll            vm_ui
     00000012  b_vm_overlay_set_submap            vm_ui
     00000012  b_vm_overlay_set_submap_ex         vm_ui
     00000012  b_vm_overlay_setpos                vm_ui
     00000012  b_vm_overlay_show                  vm_ui
     00000012  b_vm_overlay_wait                  vm_ui
     00000012  b_vm_set_font                      vm_ui
     00000012  b_vm_set_text_sound                vm_ui
     00000012  b_vm_switch_text_layer             vm_ui
     00000013  ___bank_bg_city1_tileset           bg_city1_tileset
     00000013  ___bank_bg_dogchecksavedata_tile   bg_dogchecksavedata_tileset
     00000013  ___bank_bg_legend1d_tileset        bg_legend1d_tileset
     00000013  ___bank_bg_legendsealfountain_ti   bg_legendsealfountain_tilese
     00000013  ___bank_bg_quelesttonnom_copie_t   bg_quelesttonnom_copie_tiles
     00000013  ___bank_bg_schoolcorridor1_tilem   bg_schoolcorridor1_tilemap
     00000013  ___bank_bg_schoolcorridor1_tilem   bg_schoolcorridor1_tilemap_a
     00000013  ___bank_palette_0                  palette_0
     00000013  ___bank_scene_14_collisions        scene_14_collisions
     00000013  ___bank_scene_35_sprites           scene_35_sprites
     00000014  ___bank_VM_GAMEBOY                 vm_gameboy
     00000014  ___bank_bg_3_tileset               bg_3_tileset
     00000014  ___bank_bg_8_tileset               bg_8_tileset
     00000014  ___bank_bg_dogchecksavedata_copi   bg_dogchecksavedata_copie_ti
     00000014  ___bank_bg_legend6d_tileset        bg_legend6d_tileset
     00000014  ___bank_bg_toilet_tileset          bg_toilet_tileset
     00000014  ___bank_bootstrap_script           
     00000014  ___bank_scene_29_init              scene_29_init
     00000014  b_scroll_init                      scroll
     00000014  b_scroll_repaint                   scroll
     00000014  b_scroll_reset                     scroll
     00000014  b_scroll_update                    scroll
     00000014  b_topdown_init                     topdown
     00000014  b_topdown_update                   topdown
     00000014  b_trigger_activate_at              trigger
     00000014  b_trigger_activate_at_intersecti   trigger
     00000014  b_trigger_at_intersection          trigger
ASxxxx Linker V03.00/V05.40 + sdld,  page 7.
Hexadecimal  [32-Bits]

Area                                    Addr        Size        Decimal Bytes (Attributes)
--------------------------------        ----        ----        ------- ----- ------------
.  .ABS.                            00000000    00000000 =           0. bytes (ABS,CON)

      Value  Global                              Global Defined In Module
      -----  --------------------------------   ------------------------
     00000014  b_trigger_at_tile                  trigger
     00000014  b_trigger_interact                 trigger
     00000014  b_trigger_reset                    trigger
     00000014  b_vm_context_prepare               vm_gameboy
     00000014  b_vm_fade                          vm_gameboy
     00000014  b_vm_get_tile_xy                   vm_gameboy
     00000014  b_vm_input_attach                  vm_gameboy
     00000014  b_vm_input_detach                  vm_gameboy
     00000014  b_vm_input_get                     vm_gameboy
     00000014  b_vm_input_wait                    vm_gameboy
     00000014  b_vm_load_tileset                  vm_gameboy
     00000014  b_vm_poll                          vm_gameboy
     00000014  b_vm_replace_tile                  vm_gameboy
     00000014  b_vm_replace_tile_xy               vm_gameboy
     00000014  b_vm_rumble                        vm_gameboy
     00000014  b_vm_set_sprite_mode               vm_gameboy
     00000014  b_vm_set_sprites_visible           vm_gameboy
     00000014  b_vm_timer_prepare                 vm_gameboy
     00000014  b_vm_timer_reset                   vm_gameboy
     00000014  b_vm_timer_set                     vm_gameboy
     00000014  b_vm_timer_stop                    vm_gameboy
     00000015  ___bank_bg_10_tilemap              bg_10_tilemap
     00000015  ___bank_bg_10_tilemap_attr         bg_10_tilemap_attr
     00000015  ___bank_bg_2                       bg_2
     00000015  ___bank_bg_6_1__tilemap            bg_6_1__tilemap
     00000015  ___bank_bg_6_1__tilemap_attr       bg_6_1__tilemap_attr
     00000015  ___bank_bg_6_tilemap               bg_6_tilemap
     00000015  ___bank_bg_6_tilemap_attr          bg_6_tilemap_attr
     00000015  ___bank_bg_chamberkriso2_tileset   bg_chamberkriso2_tileset
     00000015  ___bank_bg_schoolint_tilemap_att   bg_schoolint_tilemap_attr
     00000015  ___bank_bg_worldddd_tileset        bg_worldddd_tileset
     00000015  ___bank_scene_28_init              scene_28_init
     00000015  ___bank_scene_63_collisions        scene_63_collisions
     00000016  ___bank_bg_7_tilemap               bg_7_tilemap
     00000016  ___bank_bg_7_tilemap_attr          bg_7_tilemap_attr
     00000016  ___bank_bg_7_tileset               bg_7_tileset
     00000016  ___bank_bg_legend3_tileset         bg_legend3_tileset
     00000016  ___bank_bg_legend4_tileset         bg_legend4_tileset
     00000016  ___bank_bg_worldddddark_tileset    bg_worldddddark_tileset
     00000016  ___bank_scene_24_init              scene_24_init
     00000016  ___bank_scene_29_actors            scene_29_actors
     00000016  ___bank_scene_42_init              scene_42_init
     00000016  ___bank_scene_57_collisions        scene_57_collisions
     00000016  ___bank_scene_58_collisions        scene_58_collisions
     00000016  ___bank_scene_59_collisions        scene_59_collisions
     00000017  ___bank_actor_67_interact          actor_67_interact
     00000017  ___bank_bg_9_tileset               bg_9_tileset
     00000017  ___bank_bg_blackdoor_tilemap       bg_blackdoor_tilemap
     00000017  ___bank_bg_blackdoor_tilemap_att   bg_blackdoor_tilemap_attr
     00000017  ___bank_bg_dogchecksavedata_copi   bg_dogchecksavedata_copie_0_
     00000017  ___bank_bg_legend7f_tileset        bg_legend7f_tileset
ASxxxx Linker V03.00/V05.40 + sdld,  page 8.
Hexadecimal  [32-Bits]

Area                                    Addr        Size        Decimal Bytes (Attributes)
--------------------------------        ----        ----        ------- ----- ------------
.  .ABS.                            00000000    00000000 =           0. bytes (ABS,CON)

      Value  Global                              Global Defined In Module
      -----  --------------------------------   ------------------------
     00000017  ___bank_bg_worldddd_tilemap        bg_worldddd_tilemap
     00000017  ___bank_bg_worldddd_tilemap_attr   bg_worldddd_tilemap_attr
     00000017  ___bank_bg_worldddddark_tilemap    bg_worldddddark_tilemap
     00000017  ___bank_bg_worldddddark_tilemap_   bg_worldddddark_tilemap_attr
     00000017  ___bank_scene_36_sprites           scene_36_sprites
     00000017  ___bank_scene_46_collisions        scene_46_collisions
     00000017  ___bank_scene_47_collisions        scene_47_collisions
     00000017  ___bank_scene_51_collisions        scene_51_collisions
     00000018  ___bank_bg_2_tilemap               bg_2_tilemap
     00000018  ___bank_bg_2_tilemap_attr          bg_2_tilemap_attr
     00000018  ___bank_bg_2_tileset               bg_2_tileset
     00000018  ___bank_bg_castle_town_map2_tile   bg_castle_town_map2_tilemap
     00000018  ___bank_bg_castle_town_map2_tile   bg_castle_town_map2_tilemap_
     00000018  ___bank_bg_legendsealfountain_ti   bg_legendsealfountain_tilema
     00000018  ___bank_bg_untitled_tilemap        bg_untitled_tilemap
     00000018  ___bank_bg_untitled_tilemap_attr   bg_untitled_tilemap_attr
     00000018  ___bank_scene_32_collisions        scene_32_collisions
     00000018  ___bank_scene_54_collisions        scene_54_collisions
     00000018  ___bank_scene_55_collisions        scene_55_collisions
     00000018  ___bank_scene_64_collisions        scene_64_collisions
     00000018  ___bank_script_engine_init         
     00000018  ___bank_sprite_lowercases_tilese   sprite_lowercases_tileset
     00000018  ___bank_sprite_room2_tilemap       sprite_room2_tilemap
     00000018  ___bank_sprite_room2_tilemap_att   sprite_room2_tilemap_attr
     00000018  b_core_reset                       core
     00000018  b_core_run                         core
     00000019  ___bank_VM_CAMERA                  vm_camera
     00000019  ___bank_VM_SIO                     vm_sio
     00000019  ___bank_actor_31_interact          actor_31_interact
     00000019  ___bank_bg_10_tileset              bg_10_tileset
     00000019  ___bank_bg_b0027_copie_tilemap     bg_b0027_copie_tilemap
     00000019  ___bank_bg_b0027_copie_tilemap_a   bg_b0027_copie_tilemap_attr
     00000019  ___bank_bg_b0027_copie_tileset     bg_b0027_copie_tileset
     00000019  ___bank_bg_gameover_tilemap        bg_gameover_tilemap
     00000019  ___bank_bg_gameover_tilemap_attr   bg_gameover_tilemap_attr
     00000019  ___bank_bg_legend2_tilemap         bg_legend2_tilemap
     00000019  ___bank_bg_legend2_tilemap_attr    bg_legend2_tilemap_attr
     00000019  ___bank_bg_name_input_background   bg_name_input_background_til
     00000019  ___bank_bg_title_tileset           bg_title_tileset
     00000019  ___bank_bg_untitled_tileset        bg_untitled_tileset
     00000019  ___bank_scene_2_sprites            scene_2_sprites
     00000019  ___bank_scene_4_collisions         scene_4_collisions
     00000019  ___bank_script_7                   script_7
     00000019  b___HandleCrash_banked             
     00000019  b_atan2                            math_atan2
     00000019  b_camera_shake_frames              vm_camera
     00000019  b_data_clear                       load_save
     00000019  b_data_init                        load_save
     00000019  b_data_load                        load_save
     00000019  b_data_peek                        load_save
     00000019  b_data_save                        load_save
ASxxxx Linker V03.00/V05.40 + sdld,  page 9.
Hexadecimal  [32-Bits]

Area                                    Addr        Size        Decimal Bytes (Attributes)
--------------------------------        ----        ----        ------- ----- ------------
.  .ABS.                            00000000    00000000 =           0. bytes (ABS,CON)

      Value  Global                              Global Defined In Module
      -----  --------------------------------   ------------------------
     00000019  b_pointnclick_init                 pointnclick
     00000019  b_pointnclick_update               pointnclick
     00000019  b_vm_camera_move_to                vm_camera
     00000019  b_vm_camera_set_pos                vm_camera
     00000019  b_vm_sio_exchange                  vm_sio
     00000019  b_vm_sio_set_mode                  vm_sio
     00000019  l__INITIALIZED                  
     00000019  l__INITIALIZER                  
     0000001A  ___bank_actor_3_interact           actor_3_interact
     0000001A  ___bank_actor_78_interact          actor_78_interact
     0000001A  ___bank_bg_5_tilemap               bg_5_tilemap
     0000001A  ___bank_bg_5_tilemap_attr          bg_5_tilemap_attr
     0000001A  ___bank_bg_castle_town_tileset     bg_castle_town_tileset
     0000001A  ___bank_bg_city2_tilemap           bg_city2_tilemap
     0000001A  ___bank_bg_city2_tilemap_attr      bg_city2_tilemap_attr
     0000001A  ___bank_bg_kris_s_tilemap          bg_kris_s_tilemap
     0000001A  ___bank_bg_kris_s_tilemap_attr     bg_kris_s_tilemap_attr
     0000001A  ___bank_bg_kris_ss_tilemap         bg_kris_ss_tilemap
     0000001A  ___bank_bg_kris_ss_tilemap_attr    bg_kris_ss_tilemap_attr
     0000001A  ___bank_bg_schoolint_tilemap       bg_schoolint_tilemap
     0000001A  ___bank_scene_13_init              scene_13_init
     0000001A  ___bank_scene_28_collisions        scene_28_collisions
     0000001A  ___bank_scene_29_collisions        scene_29_collisions
     0000001A  ___bank_scene_30_collisions        scene_30_collisions
     0000001A  ___bank_scene_33_collisions        scene_33_collisions
     0000001A  ___bank_scene_34_collisions        scene_34_collisions
     0000001A  ___bank_scene_40_collisions        scene_40_collisions
     0000001A  ___bank_scene_45_collisions        scene_45_collisions
     0000001A  ___bank_scene_51_init              scene_51_init
     0000001A  ___bank_scene_56_collisions        scene_56_collisions
     0000001A  ___bank_scene_56_init              scene_56_init
     0000001A  ___bank_sprite_susiehs_copie_til   sprite_susiehs_copie_tileset
     0000001A  b_fade_applypalettechange          fade_manager
     0000001A  b_fade_in                          fade_manager
     0000001A  b_fade_in_modal                    fade_manager
     0000001A  b_fade_init                        fade_manager
     0000001A  b_fade_out                         fade_manager
     0000001A  b_fade_out_modal                   fade_manager
     0000001A  b_fade_setspeed                    fade_manager
     0000001A  b_fade_update                      fade_manager
     0000001B  ___bank_actor_55_interact          actor_55_interact
     0000001B  ___bank_actor_59_interact          actor_59_interact
     0000001B  ___bank_actor_79_interact          actor_79_interact
     0000001B  ___bank_bg_6_tileset               bg_6_tileset
     0000001B  ___bank_bg_castle_town_tilemap     bg_castle_town_tilemap
     0000001B  ___bank_bg_castle_town_tilemap_a   bg_castle_town_tilemap_attr
     0000001B  ___bank_bg_dogchecksavedata_copi   bg_dogchecksavedata_copie_0_
     0000001B  ___bank_bg_dogchecksavedata_copi   bg_dogchecksavedata_copie_0_
     0000001B  ___bank_bg_exterior_tilemap        bg_exterior_tilemap
     0000001B  ___bank_bg_exterior_tilemap_attr   bg_exterior_tilemap_attr
     0000001B  ___bank_bg_legend5d_tilemap        bg_legend5d_tilemap
ASxxxx Linker V03.00/V05.40 + sdld,  page 10.
Hexadecimal  [32-Bits]

Area                                    Addr        Size        Decimal Bytes (Attributes)
--------------------------------        ----        ----        ------- ----- ------------
.  .ABS.                            00000000    00000000 =           0. bytes (ABS,CON)

      Value  Global                              Global Defined In Module
      -----  --------------------------------   ------------------------
     0000001B  ___bank_bg_legend5d_tilemap_attr   bg_legend5d_tilemap_attr
     0000001B  ___bank_bg_legend7f_tilemap        bg_legend7f_tilemap
     0000001B  ___bank_bg_legend7f_tilemap_attr   bg_legend7f_tilemap_attr
     0000001B  ___bank_bg_legendsealfountain_ti   bg_legendsealfountain_tilema
     0000001B  ___bank_bg_room_tilemap_attr       bg_room_tilemap_attr
     0000001B  ___bank_bg_secoundfountain_tilem   bg_secoundfountain_tilemap
     0000001B  ___bank_bg_secoundfountain_tilem   bg_secoundfountain_tilemap_a
     0000001B  ___bank_scene_11_init              scene_11_init
     0000001B  ___bank_scene_1_collisions         scene_1_collisions
     0000001B  ___bank_scene_26_init              scene_26_init
     0000001B  ___bank_scene_32_actors            scene_32_actors
     0000001B  ___bank_scene_37_collisions        scene_37_collisions
     0000001B  ___bank_scene_37_init              scene_37_init
     0000001B  ___bank_scene_46_sprites           scene_46_sprites
     0000001B  ___bank_scene_49_collisions        scene_49_collisions
     0000001B  ___bank_scene_65_collisions        scene_65_collisions
     0000001B  ___bank_scene_7_collisions         scene_7_collisions
     0000001B  ___bank_scene_9_collisions         scene_9_collisions
     0000001B  ___bank_sprite_toriel_tileset      sprite_toriel_tileset
     0000001B  b_set_sgb_border                   sgb_border
     0000001C  ___bank_VM_GBPRINTER               vm_gbprinter
     0000001C  ___bank_VM_PALETTE                 vm_palette
     0000001C  ___bank_actor_17_interact          actor_17_interact
     0000001C  ___bank_actor_18_interact          actor_18_interact
     0000001C  ___bank_actor_19_interact          actor_19_interact
     0000001C  ___bank_actor_73_interact          actor_73_interact
     0000001C  ___bank_actor_85_interact          actor_85_interact
     0000001C  ___bank_bg_city1_tilemap           bg_city1_tilemap
     0000001C  ___bank_bg_city1_tilemap_attr      bg_city1_tilemap_attr
     0000001C  ___bank_bg_dogchecksavedata_tile   bg_dogchecksavedata_tilemap
     0000001C  ___bank_bg_dogchecksavedata_tile   bg_dogchecksavedata_tilemap_
     0000001C  ___bank_bg_fountaincastle_tilema   bg_fountaincastle_tilemap
     0000001C  ___bank_bg_fountaincastle_tilema   bg_fountaincastle_tilemap_at
     0000001C  ___bank_bg_legend3_tilemap_attr    bg_legend3_tilemap_attr
     0000001C  ___bank_bg_new_piskel_43__tilese   bg_new_piskel_43__tileset
     0000001C  ___bank_bg_quelesttonnom_copie_t   bg_quelesttonnom_copie_tilem
     0000001C  ___bank_bg_quelesttonnom_copie_t   bg_quelesttonnom_copie_tilem
     0000001C  ___bank_bg_quelesttonnom_tilemap   bg_quelesttonnom_tilemap
     0000001C  ___bank_bg_quelesttonnom_tilemap   bg_quelesttonnom_tilemap_att
     0000001C  ___bank_bg_room_tilemap            bg_room_tilemap
     0000001C  ___bank_bg_schoolext_tilemap       bg_schoolext_tilemap
     0000001C  ___bank_bg_schoolext_tilemap_att   bg_schoolext_tilemap_attr
     0000001C  ___bank_bg_title_tilemap           bg_title_tilemap
     0000001C  ___bank_bg_title_tilemap_attr      bg_title_tilemap_attr
     0000001C  ___bank_scene_0_collisions         scene_0_collisions
     0000001C  ___bank_scene_11_collisions        scene_11_collisions
     0000001C  ___bank_scene_23_collisions        scene_23_collisions
     0000001C  ___bank_scene_24_collisions        scene_24_collisions
     0000001C  ___bank_scene_26_collisions        scene_26_collisions
     0000001C  ___bank_scene_39_collisions        scene_39_collisions
     0000001C  ___bank_scene_3_collisions         scene_3_collisions
ASxxxx Linker V03.00/V05.40 + sdld,  page 11.
Hexadecimal  [32-Bits]

Area                                    Addr        Size        Decimal Bytes (Attributes)
--------------------------------        ----        ----        ------- ----- ------------
.  .ABS.                            00000000    00000000 =           0. bytes (ABS,CON)

      Value  Global                              Global Defined In Module
      -----  --------------------------------   ------------------------
     0000001C  ___bank_scene_41_collisions        scene_41_collisions
     0000001C  ___bank_scene_42_collisions        scene_42_collisions
     0000001C  ___bank_scene_45_actors            scene_45_actors
     0000001C  ___bank_scene_52_actors            scene_52_actors
     0000001C  ___bank_scene_67_collisions        scene_67_collisions
     0000001C  b_vm_load_palette                  vm_palette
     0000001C  b_vm_print_detect                  vm_gbprinter
     0000001C  b_vm_print_overlay                 vm_gbprinter
     0000001D  ___bank_actor_24_interact          actor_24_interact
     0000001D  ___bank_bg_black_copie_tilemap     bg_black_copie_tilemap
     0000001D  ___bank_bg_black_copie_tilemap_a   bg_black_copie_tilemap_attr
     0000001D  ___bank_bg_black_tilemap           bg_black_tilemap
     0000001D  ___bank_bg_black_tilemap_attr      bg_black_tilemap_attr
     0000001D  ___bank_bg_castle_town_map2_tile   bg_castle_town_map2_tileset
     0000001D  ___bank_bg_dogchecksavedata_copi   bg_dogchecksavedata_copie_ti
     0000001D  ___bank_bg_dogchecksavedata_copi   bg_dogchecksavedata_copie_ti
     0000001D  ___bank_bg_krislegend_tilemap      bg_krislegend_tilemap
     0000001D  ___bank_bg_legend1d_tilemap        bg_legend1d_tilemap
     0000001D  ___bank_bg_legend1d_tilemap_attr   bg_legend1d_tilemap_attr
     0000001D  ___bank_bg_legend3_tilemap         bg_legend3_tilemap
     0000001D  ___bank_bg_legend4_tilemap         bg_legend4_tilemap
     0000001D  ___bank_bg_ralseilegend_tilemap    bg_ralseilegend_tilemap
     0000001D  ___bank_bg_ralseilegend_tilemap_   bg_ralseilegend_tilemap_attr
     0000001D  ___bank_bg_susielegend_tilemap     bg_susielegend_tilemap
     0000001D  ___bank_bg_susielegend_tilemap_a   bg_susielegend_tilemap_attr
     0000001D  ___bank_bg_thetle_tilemap          bg_thetle_tilemap
     0000001D  ___bank_bg_thetle_tilemap_attr     bg_thetle_tilemap_attr
     0000001D  ___bank_scene_0_init               scene_0_init
     0000001D  ___bank_scene_10_collisions        scene_10_collisions
     0000001D  ___bank_scene_13_collisions        scene_13_collisions
     0000001D  ___bank_scene_15_collisions        scene_15_collisions
     0000001D  ___bank_scene_16_collisions        scene_16_collisions
     0000001D  ___bank_scene_17_collisions        scene_17_collisions
     0000001D  ___bank_scene_18_collisions        scene_18_collisions
     0000001D  ___bank_scene_19_collisions        scene_19_collisions
     0000001D  ___bank_scene_20_collisions        scene_20_collisions
     0000001D  ___bank_scene_22_collisions        scene_22_collisions
     0000001D  ___bank_scene_27_collisions        scene_27_collisions
     0000001D  ___bank_scene_31_collisions        scene_31_collisions
     0000001D  ___bank_scene_35_triggers          scene_35_triggers
     0000001D  ___bank_scene_44_init              scene_44_init
     0000001D  ___bank_scene_48_init              scene_48_init
     0000001D  ___bank_scene_5_collisions         scene_5_collisions
     0000001D  ___bank_scene_66_collisions        scene_66_collisions
     0000001D  ___bank_scene_6_collisions         scene_6_collisions
     0000001D  ___bank_scene_logo_collisions      scene_logo_collisions
     0000001D  ___bank_sprite_dust_piles_tilese   sprite_dust_piles_tileset
     0000001D  ___bank_sprite_kris_lightworld_t   sprite_kris_lightworld_tiles
     0000001D  ___bank_sprite_ralsei_tileset      sprite_ralsei_tileset
     0000001D  ___bank_sprite_susie_tileset       sprite_susie_tileset
     0000001D  ___bank_trigger_37_interact        trigger_37_interact
ASxxxx Linker V03.00/V05.40 + sdld,  page 12.
Hexadecimal  [32-Bits]

Area                                    Addr        Size        Decimal Bytes (Attributes)
--------------------------------        ----        ----        ------- ----- ------------
.  .ABS.                            00000000    00000000 =           0. bytes (ABS,CON)

      Value  Global                              Global Defined In Module
      -----  --------------------------------   ------------------------
     0000001E  ___bank_VM_MATH                    vm_math
     0000001E  ___bank_VM_MUSIC                   vm_music
     0000001E  ___bank_VM_RTC                     vm_rtc
     0000001E  ___bank_actor_21_interact          actor_21_interact
     0000001E  ___bank_actor_23_interact          actor_23_interact
     0000001E  ___bank_actor_56_interact          actor_56_interact
     0000001E  ___bank_actor_57_interact          actor_57_interact
     0000001E  ___bank_actor_70_interact          actor_70_interact
     0000001E  ___bank_bg_chamberkriso2_tilemap   bg_chamberkriso2_tilemap
     0000001E  ___bank_bg_chamberkriso2_tilemap   bg_chamberkriso2_tilemap_att
     0000001E  ___bank_bg_legend6d_tilemap        bg_legend6d_tilemap
     0000001E  ___bank_bg_legend6d_tilemap_attr   bg_legend6d_tilemap_attr
     0000001E  ___bank_bg_name_input_background   bg_name_input_background_til
     0000001E  ___bank_bg_name_input_background   bg_name_input_background_til
     0000001E  ___bank_bg_new_piskel_43__tilema   bg_new_piskel_43__tilemap
     0000001E  ___bank_bg_new_piskel_43__tilema   bg_new_piskel_43__tilemap_at
     0000001E  ___bank_bg_the_castle_copie_tile   bg_the_castle_copie_tilemap
     0000001E  ___bank_bg_the_castle_copie_tile   bg_the_castle_copie_tilemap_
     0000001E  ___bank_bg_toilet2_tilemap         bg_toilet2_tilemap
     0000001E  ___bank_bg_toilet2_tilemap_attr    bg_toilet2_tilemap_attr
     0000001E  ___bank_bg_toilet_tilemap          bg_toilet_tilemap
     0000001E  ___bank_bg_toilet_tilemap_attr     bg_toilet_tilemap_attr
     0000001E  ___bank_palette_1                  palette_1
     0000001E  ___bank_scene_1_init               scene_1_init
     0000001E  ___bank_scene_2_collisions         scene_2_collisions
     0000001E  ___bank_scene_30_init              scene_30_init
     0000001E  ___bank_scene_35_collisions        scene_35_collisions
     0000001E  ___bank_scene_36_collisions        scene_36_collisions
     0000001E  ___bank_scene_38_collisions        scene_38_collisions
     0000001E  ___bank_scene_3_init               scene_3_init
     0000001E  ___bank_scene_41_init              scene_41_init
     0000001E  ___bank_scene_44_actors            scene_44_actors
     0000001E  ___bank_scene_44_collisions        scene_44_collisions
     0000001E  ___bank_scene_45_init              scene_45_init
     0000001E  ___bank_scene_48_collisions        scene_48_collisions
     0000001E  ___bank_scene_4_init               scene_4_init
     0000001E  ___bank_scene_50_collisions        scene_50_collisions
     0000001E  ___bank_scene_52_collisions        scene_52_collisions
     0000001E  ___bank_scene_5_init               scene_5_init
     0000001E  ___bank_scene_60_actors            scene_60_actors
     0000001E  ___bank_scene_68_collisions        scene_68_collisions
     0000001E  ___bank_scene_7_init               scene_7_init
     0000001E  ___bank_scene_8_collisions         scene_8_collisions
     0000001E  ___bank_scene_logo_init            scene_logo_init
     0000001E  ___bank_script_8                   script_8
     0000001E  ___bank_sprite_image_tileset       sprite_image_tileset
     0000001E  ___bank_sprite_krisbattle_tilese   sprite_krisbattle_tileset
     0000001E  ___bank_sprite_toriel              sprite_toriel
     0000001E  ___bank_trigger_11_interact        trigger_11_interact
     0000001E  ___bank_trigger_21_interact        trigger_21_interact
     0000001E  b_erase_flash                      
ASxxxx Linker V03.00/V05.40 + sdld,  page 13.
Hexadecimal  [32-Bits]

Area                                    Addr        Size        Decimal Bytes (Attributes)
--------------------------------        ----        ----        ------- ----- ------------
.  .ABS.                            00000000    00000000 =           0. bytes (ABS,CON)

      Value  Global                              Global Defined In Module
      -----  --------------------------------   ------------------------
     0000001E  b_save_sram_banks                  
     0000001E  b_vm_cos_scale                     vm_math
     0000001E  b_vm_music_mute                    vm_music
     0000001E  b_vm_music_play                    vm_music
     0000001E  b_vm_music_routine                 vm_music
     0000001E  b_vm_music_setpos                  vm_music
     0000001E  b_vm_music_stop                    vm_music
     0000001E  b_vm_rtc_get                       vm_rtc
     0000001E  b_vm_rtc_latch                     vm_rtc
     0000001E  b_vm_rtc_set                       vm_rtc
     0000001E  b_vm_rtc_start                     vm_rtc
     0000001E  b_vm_sfx_play                      vm_music
     0000001E  b_vm_sin_scale                     vm_math
     0000001E  b_vm_sound_mastervol               vm_music
     0000001F  ___bank_VM_LOAD_SAVE               vm_load_save
     0000001F  ___bank_VM_PROJECTILE              vm_projectiles
     0000001F  ___bank_VM_SCENE                   vm_scene
     0000001F  ___bank_actor_11_interact          actor_11_interact
     0000001F  ___bank_actor_12_interact          actor_12_interact
     0000001F  ___bank_actor_13_interact          actor_13_interact
     0000001F  ___bank_actor_14_interact          actor_14_interact
     0000001F  ___bank_actor_20_interact          actor_20_interact
     0000001F  ___bank_actor_32_interact          actor_32_interact
     0000001F  ___bank_actor_33_interact          actor_33_interact
     0000001F  ___bank_actor_34_interact          actor_34_interact
     0000001F  ___bank_actor_84_interact          actor_84_interact
     0000001F  ___bank_bg_blackdoor_tileset       bg_blackdoor_tileset
     0000001F  ___bank_frame_image                frame_image
     0000001F  ___bank_palette_10                 palette_10
     0000001F  ___bank_palette_11                 palette_11
     0000001F  ___bank_palette_12                 palette_12
     0000001F  ___bank_palette_13                 palette_13
     0000001F  ___bank_palette_14                 palette_14
     0000001F  ___bank_palette_15                 palette_15
     0000001F  ___bank_palette_16                 palette_16
     0000001F  ___bank_palette_17                 palette_17
     0000001F  ___bank_palette_18                 palette_18
     0000001F  ___bank_palette_19                 palette_19
     0000001F  ___bank_palette_2                  palette_2
     0000001F  ___bank_palette_20                 palette_20
     0000001F  ___bank_palette_21                 palette_21
     0000001F  ___bank_palette_22                 palette_22
     0000001F  ___bank_palette_23                 palette_23
     0000001F  ___bank_palette_24                 palette_24
     0000001F  ___bank_palette_25                 palette_25
     0000001F  ___bank_palette_26                 palette_26
     0000001F  ___bank_palette_27                 palette_27
     0000001F  ___bank_palette_28                 palette_28
     0000001F  ___bank_palette_29                 palette_29
     0000001F  ___bank_palette_3                  palette_3
     0000001F  ___bank_palette_30                 palette_30
ASxxxx Linker V03.00/V05.40 + sdld,  page 14.
Hexadecimal  [32-Bits]

Area                                    Addr        Size        Decimal Bytes (Attributes)
--------------------------------        ----        ----        ------- ----- ------------
.  .ABS.                            00000000    00000000 =           0. bytes (ABS,CON)

      Value  Global                              Global Defined In Module
      -----  --------------------------------   ------------------------
     0000001F  ___bank_palette_31                 palette_31
     0000001F  ___bank_palette_32                 palette_32
     0000001F  ___bank_palette_33                 palette_33
     0000001F  ___bank_palette_34                 palette_34
     0000001F  ___bank_palette_35                 palette_35
     0000001F  ___bank_palette_36                 palette_36
     0000001F  ___bank_palette_37                 palette_37
     0000001F  ___bank_palette_38                 palette_38
     0000001F  ___bank_palette_39                 palette_39
     0000001F  ___bank_palette_4                  palette_4
     0000001F  ___bank_palette_40                 palette_40
     0000001F  ___bank_palette_41                 palette_41
     0000001F  ___bank_palette_42                 palette_42
     0000001F  ___bank_palette_43                 palette_43
     0000001F  ___bank_palette_44                 palette_44
     0000001F  ___bank_palette_45                 palette_45
     0000001F  ___bank_palette_46                 palette_46
     0000001F  ___bank_palette_47                 palette_47
     0000001F  ___bank_palette_48                 palette_48
     0000001F  ___bank_palette_49                 palette_49
     0000001F  ___bank_palette_5                  palette_5
     0000001F  ___bank_palette_50                 palette_50
     0000001F  ___bank_palette_51                 palette_51
     0000001F  ___bank_palette_52                 palette_52
     0000001F  ___bank_palette_53                 palette_53
     0000001F  ___bank_scene_10_init              scene_10_init
     0000001F  ___bank_scene_14_actors            scene_14_actors
     0000001F  ___bank_scene_15_init              scene_15_init
     0000001F  ___bank_scene_16_init              scene_16_init
     0000001F  ___bank_scene_17_init              scene_17_init
     0000001F  ___bank_scene_18_init              scene_18_init
     0000001F  ___bank_scene_19_init              scene_19_init
     0000001F  ___bank_scene_20_init              scene_20_init
     0000001F  ___bank_scene_22_init              scene_22_init
     0000001F  ___bank_scene_23_init              scene_23_init
     0000001F  ___bank_scene_27_init              scene_27_init
     0000001F  ___bank_scene_28_actors            scene_28_actors
     0000001F  ___bank_scene_2_actors             scene_2_actors
     0000001F  ___bank_scene_2_init               scene_2_init
     0000001F  ___bank_scene_31_init              scene_31_init
     0000001F  ___bank_scene_34_actors            scene_34_actors
     0000001F  ___bank_scene_36_actors            scene_36_actors
     0000001F  ___bank_scene_37_actors            scene_37_actors
     0000001F  ___bank_scene_38_init              scene_38_init
     0000001F  ___bank_scene_39_init              scene_39_init
     0000001F  ___bank_scene_40_init              scene_40_init
     0000001F  ___bank_scene_41_actors            scene_41_actors
     0000001F  ___bank_scene_46_init              scene_46_init
     0000001F  ___bank_scene_47_init              scene_47_init
     0000001F  ___bank_scene_49_init              scene_49_init
     0000001F  ___bank_scene_50_init              scene_50_init
ASxxxx Linker V03.00/V05.40 + sdld,  page 15.
Hexadecimal  [32-Bits]

Area                                    Addr        Size        Decimal Bytes (Attributes)
--------------------------------        ----        ----        ------- ----- ------------
.  .ABS.                            00000000    00000000 =           0. bytes (ABS,CON)

      Value  Global                              Global Defined In Module
      -----  --------------------------------   ------------------------
     0000001F  ___bank_scene_52_init              scene_52_init
     0000001F  ___bank_scene_56_actors            scene_56_actors
     0000001F  ___bank_scene_61_actors            scene_61_actors
     0000001F  ___bank_scene_63_init              scene_63_init
     0000001F  ___bank_scene_65_actors            scene_65_actors
     0000001F  ___bank_scene_66_init              scene_66_init
     0000001F  ___bank_scene_6_init               scene_6_init
     0000001F  ___bank_scene_8_init               scene_8_init
     0000001F  ___bank_scene_9_init               scene_9_init
     0000001F  ___bank_script_1                   script_1
     0000001F  ___bank_script_3                   script_3
     0000001F  ___bank_script_4                   script_4
     0000001F  ___bank_script_input_3             script_input_3
     0000001F  ___bank_sprite_aplhys              sprite_aplhys
     0000001F  ___bank_sprite_aplhys_tileset      sprite_aplhys_tileset
     0000001F  ___bank_sprite_can_t_spare_tiles   sprite_can_t_spare_tileset
     0000001F  ___bank_sprite_cursor2             sprite_cursor2
     0000001F  ___bank_sprite_dust_piles          sprite_dust_piles
     0000001F  ___bank_sprite_hax_tileset         sprite_hax_tileset
     0000001F  ___bank_sprite_image               sprite_image
     0000001F  ___bank_sprite_kris_lightworld     sprite_kris_lightworld
     0000001F  ___bank_sprite_krisbattle          sprite_krisbattle
     0000001F  ___bank_sprite_krisbt2o_tileset    sprite_krisbt2o_tileset
     0000001F  ___bank_sprite_lancer              sprite_lancer
     0000001F  ___bank_sprite_lancer_tileset      sprite_lancer_tileset
     0000001F  ___bank_sprite_lowercases          sprite_lowercases
     0000001F  ___bank_sprite_new_piskel_3_       sprite_new_piskel_3_
     0000001F  ___bank_sprite_new_piskel_3__til   sprite_new_piskel_3__tileset
     0000001F  ___bank_sprite_new_piskel_tilese   sprite_new_piskel_tileset
     0000001F  ___bank_sprite_noellee             sprite_noellee
     0000001F  ___bank_sprite_noellee_tileset     sprite_noellee_tileset
     0000001F  ___bank_sprite_piaf_tileset        sprite_piaf_tileset
     0000001F  ___bank_sprite_ralsei              sprite_ralsei
     0000001F  ___bank_sprite_ralseibt_tileset    sprite_ralseibt_tileset
     0000001F  ___bank_sprite_saveae              sprite_saveae
     0000001F  ___bank_sprite_spare_tileset       sprite_spare_tileset
     0000001F  ___bank_sprite_susie               sprite_susie
     0000001F  ___bank_sprite_susiebto2           sprite_susiebto2
     0000001F  ___bank_sprite_susiebto2_tileset   sprite_susiebto2_tileset
     0000001F  ___bank_sprite_sword2o_tileset     sprite_sword2o_tileset
     0000001F  ___bank_tileset_default_frame      tileset_default_frame
     0000001F  ___bank_trigger_12_interact        trigger_12_interact
     0000001F  ___bank_trigger_14_interact        trigger_14_interact
     0000001F  ___bank_trigger_16_interact        trigger_16_interact
     0000001F  ___bank_trigger_39_interact        trigger_39_interact
     0000001F  ___bank_trigger_40_interact        trigger_40_interact
     0000001F  ___bank_trigger_41_interact        trigger_41_interact
     0000001F  ___bank_trigger_43_interact        trigger_43_interact
     0000001F  b_events_init                      events
     0000001F  b_itoa_fmt                         vm_ui_a
     0000001F  b_music_events_poll                music_manager
ASxxxx Linker V03.00/V05.40 + sdld,  page 16.
Hexadecimal  [32-Bits]

Area                                    Addr        Size        Decimal Bytes (Attributes)
--------------------------------        ----        ----        ------- ----- ------------
.  .ABS.                            00000000    00000000 =           0. bytes (ABS,CON)

      Value  Global                              Global Defined In Module
      -----  --------------------------------   ------------------------
     0000001F  b_music_init_driver                music_manager
     0000001F  b_music_init_events                music_manager
     0000001F  b_restore_sram                     flasher
     0000001F  b_restore_sram_bank                flasher
     0000001F  b_save_sram                        flasher
     0000001F  b_timers_init                      events
     0000001F  b_vm_projectile_launch             vm_projectiles
     0000001F  b_vm_projectile_load_type          vm_projectiles
     0000001F  b_vm_save_clear                    vm_load_save
     0000001F  b_vm_save_peek                     vm_load_save
     0000001F  b_vm_scene_pop                     vm_scene
     0000001F  b_vm_scene_pop_all                 vm_scene
     0000001F  b_vm_scene_push                    vm_scene
     0000001F  b_vm_scene_stack_reset             vm_scene
     00000020  ___bank_actor_10_interact          actor_10_interact
     00000020  ___bank_actor_15_interact          actor_15_interact
     00000020  ___bank_actor_16_interact          actor_16_interact
     00000020  ___bank_actor_52_interact          actor_52_interact
     00000020  ___bank_actor_58_interact          actor_58_interact
     00000020  ___bank_actor_9_interact           actor_9_interact
     00000020  ___bank_bg_3                       bg_3
     00000020  ___bank_bg_4                       bg_4
     00000020  ___bank_bg_5                       bg_5
     00000020  ___bank_bg_6                       bg_6
     00000020  ___bank_bg_6_1_                    bg_6_1_
     00000020  ___bank_bg_6_1__tileset            bg_6_1__tileset
     00000020  ___bank_bg_7                       bg_7
     00000020  ___bank_bg_8                       bg_8
     00000020  ___bank_bg_9                       bg_9
     00000020  ___bank_bg_9_1_                    bg_9_1_
     00000020  ___bank_bg_9_1__tileset            bg_9_1__tileset
     00000020  ___bank_bg_b0027_copie             bg_b0027_copie
     00000020  ___bank_bg_black                   bg_black
     00000020  ___bank_bg_black_copie             bg_black_copie
     00000020  ___bank_bg_black_tileset           bg_black_tileset
     00000020  ___bank_bg_blackdoor               bg_blackdoor
     00000020  ___bank_bg_castle_town             bg_castle_town
     00000020  ___bank_bg_castle_town_map2        bg_castle_town_map2
     00000020  ___bank_bg_chamberkriso2           bg_chamberkriso2
     00000020  ___bank_bg_city1                   bg_city1
     00000020  ___bank_bg_city2                   bg_city2
     00000020  ___bank_bg_dogchecksavedata        bg_dogchecksavedata
     00000020  ___bank_bg_dogchecksavedata_copi   bg_dogchecksavedata_copie
     00000020  ___bank_bg_dogchecksavedata_copi   bg_dogchecksavedata_copie_0
     00000020  ___bank_bg_exterior                bg_exterior
     00000020  ___bank_bg_fountaincastle          bg_fountaincastle
     00000020  ___bank_bg_gameover                bg_gameover
     00000020  ___bank_bg_kris_s                  bg_kris_s
     00000020  ___bank_bg_kris_ss                 bg_kris_ss
     00000020  ___bank_bg_krislegend              bg_krislegend
     00000020  ___bank_bg_legend1d                bg_legend1d
ASxxxx Linker V03.00/V05.40 + sdld,  page 17.
Hexadecimal  [32-Bits]

Area                                    Addr        Size        Decimal Bytes (Attributes)
--------------------------------        ----        ----        ------- ----- ------------
.  .ABS.                            00000000    00000000 =           0. bytes (ABS,CON)

      Value  Global                              Global Defined In Module
      -----  --------------------------------   ------------------------
     00000020  ___bank_bg_legend2                 bg_legend2
     00000020  ___bank_bg_legend3                 bg_legend3
     00000020  ___bank_bg_legend4                 bg_legend4
     00000020  ___bank_bg_legend5d                bg_legend5d
     00000020  ___bank_bg_legend6d                bg_legend6d
     00000020  ___bank_bg_legend7f                bg_legend7f
     00000020  ___bank_bg_legendsealfountain      bg_legendsealfountain
     00000020  ___bank_bg_name_input_background   bg_name_input_background
     00000020  ___bank_bg_new_piskel_43_          bg_new_piskel_43_
     00000020  ___bank_bg_quelesttonnom           bg_quelesttonnom
     00000020  ___bank_bg_quelesttonnom_copie     bg_quelesttonnom_copie
     00000020  ___bank_bg_ralseilegend            bg_ralseilegend
     00000020  ___bank_bg_room                    bg_room
     00000020  ___bank_bg_schoolcorridor1         bg_schoolcorridor1
     00000020  ___bank_bg_schoolext               bg_schoolext
     00000020  ___bank_bg_schoolint               bg_schoolint
     00000020  ___bank_bg_secoundfountain         bg_secoundfountain
     00000020  ___bank_bg_susielegend             bg_susielegend
     00000020  ___bank_bg_the_castle_copie        bg_the_castle_copie
     00000020  ___bank_bg_thetle                  bg_thetle
     00000020  ___bank_bg_title                   bg_title
     00000020  ___bank_bg_toilet                  bg_toilet
     00000020  ___bank_bg_toilet2                 bg_toilet2
     00000020  ___bank_bg_untitled                bg_untitled
     00000020  ___bank_bg_worldddd                bg_worldddd
     00000020  ___bank_bg_worldddddark            bg_worldddddark
     00000020  ___bank_cursor_image               cursor_image
     00000020  ___bank_emote_shock                emote_shock
     00000020  ___bank_palette_54                 palette_54
     00000020  ___bank_palette_55                 palette_55
     00000020  ___bank_palette_56                 palette_56
     00000020  ___bank_palette_57                 palette_57
     00000020  ___bank_palette_58                 palette_58
     00000020  ___bank_palette_59                 palette_59
     00000020  ___bank_palette_6                  palette_6
     00000020  ___bank_palette_60                 palette_60
     00000020  ___bank_palette_61                 palette_61
     00000020  ___bank_palette_62                 palette_62
     00000020  ___bank_palette_63                 palette_63
     00000020  ___bank_palette_7                  palette_7
     00000020  ___bank_palette_8                  palette_8
     00000020  ___bank_palette_9                  palette_9
     00000020  ___bank_scene_0                    scene_0
     00000020  ___bank_scene_1                    scene_1
     00000020  ___bank_scene_10                   scene_10
     00000020  ___bank_scene_11                   scene_11
     00000020  ___bank_scene_13                   scene_13
     00000020  ___bank_scene_14                   scene_14
     00000020  ___bank_scene_14_triggers          scene_14_triggers
     00000020  ___bank_scene_15                   scene_15
     00000020  ___bank_scene_16                   scene_16
ASxxxx Linker V03.00/V05.40 + sdld,  page 18.
Hexadecimal  [32-Bits]

Area                                    Addr        Size        Decimal Bytes (Attributes)
--------------------------------        ----        ----        ------- ----- ------------
.  .ABS.                            00000000    00000000 =           0. bytes (ABS,CON)

      Value  Global                              Global Defined In Module
      -----  --------------------------------   ------------------------
     00000020  ___bank_scene_17                   scene_17
     00000020  ___bank_scene_18                   scene_18
     00000020  ___bank_scene_19                   scene_19
     00000020  ___bank_scene_2                    scene_2
     00000020  ___bank_scene_20                   scene_20
     00000020  ___bank_scene_21                   scene_21
     00000020  ___bank_scene_21_actors            scene_21_actors
     00000020  ___bank_scene_21_init              scene_21_init
     00000020  ___bank_scene_21_triggers          scene_21_triggers
     00000020  ___bank_scene_22                   scene_22
     00000020  ___bank_scene_23                   scene_23
     00000020  ___bank_scene_24                   scene_24
     00000020  ___bank_scene_25                   scene_25
     00000020  ___bank_scene_25_actors            scene_25_actors
     00000020  ___bank_scene_25_init              scene_25_init
     00000020  ___bank_scene_25_triggers          scene_25_triggers
     00000020  ___bank_scene_26                   scene_26
     00000020  ___bank_scene_27                   scene_27
     00000020  ___bank_scene_28                   scene_28
     00000020  ___bank_scene_28_sprites           scene_28_sprites
     00000020  ___bank_scene_29                   scene_29
     00000020  ___bank_scene_29_sprites           scene_29_sprites
     00000020  ___bank_scene_3                    scene_3
     00000020  ___bank_scene_30                   scene_30
     00000020  ___bank_scene_31                   scene_31
     00000020  ___bank_scene_32                   scene_32
     00000020  ___bank_scene_32_init              scene_32_init
     00000020  ___bank_scene_32_triggers          scene_32_triggers
     00000020  ___bank_scene_33                   scene_33
     00000020  ___bank_scene_33_init              scene_33_init
     00000020  ___bank_scene_33_triggers          scene_33_triggers
     00000020  ___bank_scene_34                   scene_34
     00000020  ___bank_scene_34_init              scene_34_init
     00000020  ___bank_scene_34_triggers          scene_34_triggers
     00000020  ___bank_scene_35                   scene_35
     00000020  ___bank_scene_35_actors            scene_35_actors
     00000020  ___bank_scene_35_init              scene_35_init
     00000020  ___bank_scene_36                   scene_36
     00000020  ___bank_scene_36_init              scene_36_init
     00000020  ___bank_scene_36_triggers          scene_36_triggers
     00000020  ___bank_scene_37                   scene_37
     00000020  ___bank_scene_37_sprites           scene_37_sprites
     00000020  ___bank_scene_38                   scene_38
     00000020  ___bank_scene_39                   scene_39
     00000020  ___bank_scene_4                    scene_4
     00000020  ___bank_scene_40                   scene_40
     00000020  ___bank_scene_41                   scene_41
     00000020  ___bank_scene_41_sprites           scene_41_sprites
     00000020  ___bank_scene_42                   scene_42
     00000020  ___bank_scene_44                   scene_44
     00000020  ___bank_scene_44_triggers          scene_44_triggers
ASxxxx Linker V03.00/V05.40 + sdld,  page 19.
Hexadecimal  [32-Bits]

Area                                    Addr        Size        Decimal Bytes (Attributes)
--------------------------------        ----        ----        ------- ----- ------------
.  .ABS.                            00000000    00000000 =           0. bytes (ABS,CON)

      Value  Global                              Global Defined In Module
      -----  --------------------------------   ------------------------
     00000020  ___bank_scene_45                   scene_45
     00000020  ___bank_scene_45_sprites           scene_45_sprites
     00000020  ___bank_scene_45_triggers          scene_45_triggers
     00000020  ___bank_scene_46                   scene_46
     00000020  ___bank_scene_46_actors            scene_46_actors
     00000020  ___bank_scene_47                   scene_47
     00000020  ___bank_scene_47_actors            scene_47_actors
     00000020  ___bank_scene_47_sprites           scene_47_sprites
     00000020  ___bank_scene_47_triggers          scene_47_triggers
     00000020  ___bank_scene_48                   scene_48
     00000020  ___bank_scene_48_actors            scene_48_actors
     00000020  ___bank_scene_48_sprites           scene_48_sprites
     00000020  ___bank_scene_49                   scene_49
     00000020  ___bank_scene_5                    scene_5
     00000020  ___bank_scene_50                   scene_50
     00000020  ___bank_scene_51                   scene_51
     00000020  ___bank_scene_51_actors            scene_51_actors
     00000020  ___bank_scene_51_sprites           scene_51_sprites
     00000020  ___bank_scene_52                   scene_52
     00000020  ___bank_scene_52_sprites           scene_52_sprites
     00000020  ___bank_scene_54                   scene_54
     00000020  ___bank_scene_54_init              scene_54_init
     00000020  ___bank_scene_54_triggers          scene_54_triggers
     00000020  ___bank_scene_55                   scene_55
     00000020  ___bank_scene_55_actors            scene_55_actors
     00000020  ___bank_scene_55_init              scene_55_init
     00000020  ___bank_scene_55_sprites           scene_55_sprites
     00000020  ___bank_scene_55_triggers          scene_55_triggers
     00000020  ___bank_scene_56                   scene_56
     00000020  ___bank_scene_56_sprites           scene_56_sprites
     00000020  ___bank_scene_56_triggers          scene_56_triggers
     00000020  ___bank_scene_57                   scene_57
     00000020  ___bank_scene_57_init              scene_57_init
     00000020  ___bank_scene_57_triggers          scene_57_triggers
     00000020  ___bank_scene_58                   scene_58
     00000020  ___bank_scene_58_init              scene_58_init
     00000020  ___bank_scene_59                   scene_59
     00000020  ___bank_scene_59_actors            scene_59_actors
     00000020  ___bank_scene_59_init              scene_59_init
     00000020  ___bank_scene_59_sprites           scene_59_sprites
     00000020  ___bank_scene_59_triggers          scene_59_triggers
     00000020  ___bank_scene_6                    scene_6
     00000020  ___bank_scene_60                   scene_60
     00000020  ___bank_scene_60_init              scene_60_init
     00000020  ___bank_scene_60_sprites           scene_60_sprites
     00000020  ___bank_scene_60_triggers          scene_60_triggers
     00000020  ___bank_scene_61                   scene_61
     00000020  ___bank_scene_61_init              scene_61_init
     00000020  ___bank_scene_61_sprites           scene_61_sprites
     00000020  ___bank_scene_61_triggers          scene_61_triggers
     00000020  ___bank_scene_62                   scene_62
ASxxxx Linker V03.00/V05.40 + sdld,  page 20.
Hexadecimal  [32-Bits]

Area                                    Addr        Size        Decimal Bytes (Attributes)
--------------------------------        ----        ----        ------- ----- ------------
.  .ABS.                            00000000    00000000 =           0. bytes (ABS,CON)

      Value  Global                              Global Defined In Module
      -----  --------------------------------   ------------------------
     00000020  ___bank_scene_62_init              scene_62_init
     00000020  ___bank_scene_63                   scene_63
     00000020  ___bank_scene_63_actors            scene_63_actors
     00000020  ___bank_scene_63_sprites           scene_63_sprites
     00000020  ___bank_scene_63_triggers          scene_63_triggers
     00000020  ___bank_scene_64                   scene_64
     00000020  ___bank_scene_64_init              scene_64_init
     00000020  ___bank_scene_64_triggers          scene_64_triggers
     00000020  ___bank_scene_65                   scene_65
     00000020  ___bank_scene_65_sprites           scene_65_sprites
     00000020  ___bank_scene_65_triggers          scene_65_triggers
     00000020  ___bank_scene_66                   scene_66
     00000020  ___bank_scene_66_actors            scene_66_actors
     00000020  ___bank_scene_66_sprites           scene_66_sprites
     00000020  ___bank_scene_66_triggers          scene_66_triggers
     00000020  ___bank_scene_67                   scene_67
     00000020  ___bank_scene_67_init              scene_67_init
     00000020  ___bank_scene_67_triggers          scene_67_triggers
     00000020  ___bank_scene_68                   scene_68
     00000020  ___bank_scene_68_actors            scene_68_actors
     00000020  ___bank_scene_68_init              scene_68_init
     00000020  ___bank_scene_68_sprites           scene_68_sprites
     00000020  ___bank_scene_68_triggers          scene_68_triggers
     00000020  ___bank_scene_7                    scene_7
     00000020  ___bank_scene_8                    scene_8
     00000020  ___bank_scene_9                    scene_9
     00000020  ___bank_scene_logo                 scene_logo
     00000020  ___bank_script_0                   script_0
     00000020  ___bank_script_11                  script_11
     00000020  ___bank_script_19                  script_19
     00000020  ___bank_script_6                   script_6
     00000020  ___bank_script_input               script_input
     00000020  ___bank_script_input_0             script_input_0
     00000020  ___bank_script_input_1             script_input_1
     00000020  ___bank_script_input_2             script_input_2
     00000020  ___bank_script_input_4             script_input_4
     00000020  ___bank_script_input_5             script_input_5
     00000020  ___bank_script_input_6             script_input_6
     00000020  ___bank_sound_legacy_0             sound_legacy_0
     00000020  ___bank_sound_legacy_0_0           sound_legacy_0_0
     00000020  ___bank_sound_legacy_0_1           sound_legacy_0_1
     00000020  ___bank_sound_legacy_0_2           sound_legacy_0_2
     00000020  ___bank_sprite_can_t_spare         sprite_can_t_spare
     00000020  ___bank_sprite_cursor              sprite_cursor
     00000020  ___bank_sprite_cursor2_tileset     sprite_cursor2_tileset
     00000020  ___bank_sprite_cursor_tileset      sprite_cursor_tileset
     00000020  ___bank_sprite_cursortest          sprite_cursortest
     00000020  ___bank_sprite_cursortest_tilese   sprite_cursortest_tileset
     00000020  ___bank_sprite_hax                 sprite_hax
     00000020  ___bank_sprite_krisbt2o            sprite_krisbt2o
     00000020  ___bank_sprite_lacer_shadow        sprite_lacer_shadow
ASxxxx Linker V03.00/V05.40 + sdld,  page 21.
Hexadecimal  [32-Bits]

Area                                    Addr        Size        Decimal Bytes (Attributes)
--------------------------------        ----        ----        ------- ----- ------------
.  .ABS.                            00000000    00000000 =           0. bytes (ABS,CON)

      Value  Global                              Global Defined In Module
      -----  --------------------------------   ------------------------
     00000020  ___bank_sprite_lightshard          sprite_lightshard
     00000020  ___bank_sprite_lightshard_tilese   sprite_lightshard_tileset
     00000020  ___bank_sprite_new_piskel          sprite_new_piskel
     00000020  ___bank_sprite_piaf                sprite_piaf
     00000020  ___bank_sprite_ralseibt            sprite_ralseibt
     00000020  ___bank_sprite_ralsss              sprite_ralsss
     00000020  ___bank_sprite_ralsss_tileset      sprite_ralsss_tileset
     00000020  ___bank_sprite_room2               sprite_room2
     00000020  ___bank_sprite_saveae_tileset      sprite_saveae_tileset
     00000020  ___bank_sprite_spare               sprite_spare
     00000020  ___bank_sprite_sword2o             sprite_sword2o
     00000020  ___bank_spritesheet_none           spritesheet_none
     00000020  ___bank_trigger_0_interact         trigger_0_interact
     00000020  ___bank_trigger_10_interact        trigger_10_interact
     00000020  ___bank_trigger_15_interact        trigger_15_interact
     00000020  ___bank_trigger_17_interact        trigger_17_interact
     00000020  ___bank_trigger_18_interact        trigger_18_interact
     00000020  ___bank_trigger_19_interact        trigger_19_interact
     00000020  ___bank_trigger_1_interact         trigger_1_interact
     00000020  ___bank_trigger_20_interact        trigger_20_interact
     00000020  ___bank_trigger_22_interact        trigger_22_interact
     00000020  ___bank_trigger_23_interact        trigger_23_interact
     00000020  ___bank_trigger_24_interact        trigger_24_interact
     00000020  ___bank_trigger_25_interact        trigger_25_interact
     00000020  ___bank_trigger_27_interact        trigger_27_interact
     00000020  ___bank_trigger_28_interact        trigger_28_interact
     00000020  ___bank_trigger_29_interact        trigger_29_interact
     00000020  ___bank_trigger_2_interact         trigger_2_interact
     00000020  ___bank_trigger_30_interact        trigger_30_interact
     00000020  ___bank_trigger_31_interact        trigger_31_interact
     00000020  ___bank_trigger_32_interact        trigger_32_interact
     00000020  ___bank_trigger_33_interact        trigger_33_interact
     00000020  ___bank_trigger_34_interact        trigger_34_interact
     00000020  ___bank_trigger_35_interact        trigger_35_interact
     00000020  ___bank_trigger_36_interact        trigger_36_interact
     00000020  ___bank_trigger_38_interact        trigger_38_interact
     00000020  ___bank_trigger_3_interact         trigger_3_interact
     00000020  ___bank_trigger_42_interact        trigger_42_interact
     00000020  ___bank_trigger_4_interact         trigger_4_interact
     00000020  ___bank_trigger_5_interact         trigger_5_interact
     00000020  ___bank_trigger_6_interact         trigger_6_interact
     00000020  ___bank_trigger_7_interact         trigger_7_interact
     00000020  ___bank_trigger_8_interact         trigger_8_interact
     00000020  ___bank_trigger_9_interact         trigger_9_interact
     00000020  b_SIO_init                         sio
     00000020  b_camera_init                      camera
     00000020  b_input_init                       input
     00000020  b_logo_init                        logo
     00000020  b_logo_update                      logo
     00000020  b_parallax_init                    parallax
     00000020  b_scroll_rect                      
ASxxxx Linker V03.00/V05.40 + sdld,  page 22.
Hexadecimal  [32-Bits]

Area                                    Addr        Size        Decimal Bytes (Attributes)
--------------------------------        ----        ----        ------- ----- ------------
.  .ABS.                            00000000    00000000 =           0. bytes (ABS,CON)

[...]
                                          [ sound_legacy_0 ]
C:/Users/f_bes/AppData/Local/Temp/_gbsbuild/obj/sprite_aplhys_tileset.rel
                                          [ sprite_aplhys_tileset ]
C:/Users/f_bes/AppData/Local/Temp/_gbsbuild/obj/sprite_aplhys.rel
                                          [ sprite_aplhys ]
C:/Users/f_bes/AppData/Local/Temp/_gbsbuild/obj/sprite_can_t_spare_tileset.rel
                                          [ sprite_can_t_spare_tileset ]
C:/Users/f_bes/AppData/Local/Temp/_gbsbuild/obj/sprite_can_t_spare.rel
                                          [ sprite_can_t_spare ]
C:/Users/f_bes/AppData/Local/Temp/_gbsbuild/obj/sprite_cursor_tileset.rel
                                          [ sprite_cursor_tileset ]
C:/Users/f_bes/AppData/Local/Temp/_gbsbuild/obj/sprite_cursor.rel
                                          [ sprite_cursor ]
C:/Users/f_bes/AppData/Local/Temp/_gbsbuild/obj/sprite_cursor2_tileset.rel
                                          [ sprite_cursor2_tileset ]
C:/Users/f_bes/AppData/Local/Temp/_gbsbuild/obj/sprite_cursor2.rel
                                          [ sprite_cursor2 ]
C:/Users/f_bes/AppData/Local/Temp/_gbsbuild/obj/sprite_cursortest_tileset.rel
                                          [ sprite_cursortest_tileset ]
C:/Users/f_bes/AppData/Local/Temp/_gbsbuild/obj/sprite_cursortest.rel
                                          [ sprite_cursortest ]
C:/Users/f_bes/AppData/Local/Temp/_gbsbuild/obj/sprite_dust_piles_tileset.rel
                                          [ sprite_dust_piles_tileset ]
C:/Users/f_bes/AppData/Local/Temp/_gbsbuild/obj/sprite_dust_piles.rel
                                          [ sprite_dust_piles ]
C:/Users/f_bes/AppData/Local/Temp/_gbsbuild/obj/sprite_hax_tileset.rel
                                          [ sprite_hax_tileset ]
C:/Users/f_bes/AppData/Local/Temp/_gbsbuild/obj/sprite_hax.rel
                                          [ sprite_hax ]
C:/Users/f_bes/AppData/Local/Temp/_gbsbuild/obj/sprite_image_tileset.rel
                                          [ sprite_image_tileset ]
C:/Users/f_bes/AppData/Local/Temp/_gbsbuild/obj/sprite_image.rel
                                          [ sprite_image ]
C:/Users/f_bes/AppData/Local/Temp/_gbsbuild/obj/sprite_kris_lightworld_tileset.rel
                                          [ sprite_kris_lightworld_tileset ]
C:/Users/f_bes/AppData/Local/Temp/_gbsbuild/obj/sprite_kris_lightworld.rel
                                          [ sprite_kris_lightworld ]
C:/Users/f_bes/AppData/Local/Temp/_gbsbuild/obj/sprite_krisbattle_tileset.rel
                                          [ sprite_krisbattle_tileset ]
C:/Users/f_bes/AppData/Local/Temp/_gbsbuild/obj/sprite_krisbattle.rel
                                          [ sprite_krisbattle ]
C:/Users/f_bes/AppData/Local/Temp/_gbsbuild/obj/sprite_krisbt2o_tileset.rel
                                          [ sprite_krisbt2o_tileset ]
C:/Users/f_bes/AppData/Local/Temp/_gbsbuild/obj/sprite_krisbt2o.rel
                                          [ sprite_krisbt2o ]
C:/Users/f_bes/AppData/Local/Temp/_gbsbuild/obj/sprite_lacer_shadow_tileset.rel
                                          [ sprite_lacer_shadow_tileset ]
C:/Users/f_bes/AppData/Local/Temp/_gbsbuild/obj/sprite_lacer_shadow.rel
                                          [ sprite_lacer_shadow ]
C:/Users/f_bes/AppData/Local/Temp/_gbsbuild/obj/sprite_lancer_tileset.rel
                                          [ sprite_lancer_tileset ]
C:/Users/f_bes/AppData/Local/Temp/_gbsbuild/obj/sprite_lancer.rel
                                          [ sprite_lancer ]
C:/Users/f_bes/AppData/Local/Temp/_gbsbuild/obj/sprite_lightshard_tileset.rel
                                          [ sprite_lightshard_tileset ]
C:/Users/f_bes/AppData/Local/Temp/_gbsbuild/obj/sprite_lightshard.rel
                                          [ sprite_lightshard ]
C:/Users/f_bes/AppData/Local/Temp/_gbsbuild/obj/sprite_lowercases_tileset.rel
                                          [ sprite_lowercases_tileset ]
C:/Users/f_bes/AppData/Local/Temp/_gbsbuild/obj/sprite_lowercases.rel
                                          [ sprite_lowercases ]
C:/Users/f_bes/AppData/Local/Temp/_gbsbuild/obj/sprite_new_piskel_1_png.rel
                                          [ sprite_new_piskel_1_png ]
C:/Users/f_bes/AppData/Local/Temp/_gbsbuild/obj/sprite_new_piskel_3__tileset.rel
                                          [ sprite_new_piskel_3__tileset ]
C:/Users/f_bes/AppData/Local/Temp/_gbsbuild/obj/sprite_new_piskel_3_.rel
                                          [ sprite_new_piskel_3_ ]
C:/Users/f_bes/AppData/Local/Temp/_gbsbuild/obj/sprite_new_piskel_tileset.rel
                                          [ sprite_new_piskel_tileset ]
C:/Users/f_bes/AppData/Local/Temp/_gbsbuild/obj/sprite_new_piskel.rel
                                          [ sprite_new_piskel ]
C:/Users/f_bes/AppData/Local/Temp/_gbsbuild/obj/sprite_noellee_tileset.rel
                                          [ sprite_noellee_tileset ]
C:/Users/f_bes/AppData/Local/Temp/_gbsbuild/obj/sprite_noellee.rel
                                          [ sprite_noellee ]
C:/Users/f_bes/AppData/Local/Temp/_gbsbuild/obj/sprite_piaf_tileset.rel
                                          [ sprite_piaf_tileset ]
C:/Users/f_bes/AppData/Local/Temp/_gbsbuild/obj/sprite_piaf.rel
                                          [ sprite_piaf ]
C:/Users/f_bes/AppData/Local/Temp/_gbsbuild/obj/sprite_ralsei_tileset.rel
                                          [ sprite_ralsei_tileset ]
C:/Users/f_bes/AppData/Local/Temp/_gbsbuild/obj/sprite_ralsei.rel
                                          [ sprite_ralsei ]
C:/Users/f_bes/AppData/Local/Temp/_gbsbuild/obj/sprite_ralseibt_tileset.rel
                                          [ sprite_ralseibt_tileset ]
C:/Users/f_bes/AppData/Local/Temp/_gbsbuild/obj/sprite_ralseibt.rel
                                          [ sprite_ralseibt ]
C:/Users/f_bes/AppData/Local/Temp/_gbsbuild/obj/sprite_ralsss_tileset.rel
                                          [ sprite_ralsss_tileset ]
C:/Users/f_bes/AppData/Local/Temp/_gbsbuild/obj/sprite_ralsss.rel
                                          [ sprite_ralsss ]
C:/Users/f_bes/AppData/Local/Temp/_gbsbuild/obj/sprite_room2_tilemap_attr.rel
                                          [ sprite_room2_tilemap_attr ]
C:/Users/f_bes/AppData/Local/Temp/_gbsbuild/obj/sprite_room2_tilemap.rel
                                          [ sprite_room2_tilemap ]
C:/Users/f_bes/AppData/Local/Temp/_gbsbuild/obj/sprite_room2_tileset.rel
                                          [ sprite_room2_tileset ]
C:/Users/f_bes/AppData/Local/Temp/_gbsbuild/obj/sprite_room2.rel
                                          [ sprite_room2 ]
C:/Users/f_bes/AppData/Local/Temp/_gbsbuild/obj/sprite_saveae_tileset.rel
                                          [ sprite_saveae_tileset ]
C:/Users/f_bes/AppData/Local/Temp/_gbsbuild/obj/sprite_saveae.rel
                                          [ sprite_saveae ]
C:/Users/f_bes/AppData/Local/Temp/_gbsbuild/obj/sprite_spare_tileset.rel
                                          [ sprite_spare_tileset ]
C:/Users/f_bes/AppData/Local/Temp/_gbsbuild/obj/sprite_spare.rel
                                          [ sprite_spare ]
C:/Users/f_bes/AppData/Local/Temp/_gbsbuild/obj/sprite_susie_tileset.rel
                                          [ sprite_susie_tileset ]
C:/Users/f_bes/AppData/Local/Temp/_gbsbuild/obj/sprite_susie.rel
                                          [ sprite_susie ]
C:/Users/f_bes/AppData/Local/Temp/_gbsbuild/obj/sprite_susiebto2_tileset.rel
                                          [ sprite_susiebto2_tileset ]
C:/Users/f_bes/AppData/Local/Temp/_gbsbuild/obj/sprite_susiebto2.rel
                                          [ sprite_susiebto2 ]
C:/Users/f_bes/AppData/Local/Temp/_gbsbuild/obj/sprite_susiehs_copie_tileset.rel
                                          [ sprite_susiehs_copie_tileset ]
C:/Users/f_bes/AppData/Local/Temp/_gbsbuild/obj/sprite_susiehs_copie.rel
                                          [ sprite_susiehs_copie ]
C:/Users/f_bes/AppData/Local/Temp/_gbsbuild/obj/sprite_sword2o_tileset.rel
                                          [ sprite_sword2o_tileset ]
C:/Users/f_bes/AppData/Local/Temp/_gbsbuild/obj/sprite_sword2o.rel
                                          [ sprite_sword2o ]
C:/Users/f_bes/AppData/Local/Temp/_gbsbuild/obj/sprite_toriel_tileset.rel
                                          [ sprite_toriel_tileset ]
C:/Users/f_bes/AppData/Local/Temp/_gbsbuild/obj/sprite_toriel.rel
                                          [ sprite_toriel ]
C:/Users/f_bes/AppData/Local/Temp/_gbsbuild/obj/spritesheet_none.rel
                                          [ spritesheet_none ]
C:/Users/f_bes/AppData/Local/Temp/_gbsbuild/obj/tileset_default_frame.rel
                                          [ tileset_default_frame ]
C:/Users/f_bes/AppData/Local/Temp/_gbsbuild/obj/tileset_gbs_mono.rel
                                          [ tileset_gbs_mono ]
C:/Users/f_bes/AppData/Local/Temp/_gbsbuild/obj/trigger_0_interact.rel
                                          [ trigger_0_interact ]
C:/Users/f_bes/AppData/Local/Temp/_gbsbuild/obj/trigger_1_interact.rel
                                          [ trigger_1_interact ]
C:/Users/f_bes/AppData/Local/Temp/_gbsbuild/obj/trigger_10_interact.rel
                                          [ trigger_10_interact ]
C:/Users/f_bes/AppData/Local/Temp/_gbsbuild/obj/trigger_11_interact.rel
                                          [ trigger_11_interact ]
C:/Users/f_bes/AppData/Local/Temp/_gbsbuild/obj/trigger_12_interact.rel
                                          [ trigger_12_interact ]
C:/Users/f_bes/AppData/Local/Temp/_gbsbuild/obj/trigger_13_interact.rel
                                          [ trigger_13_interact ]
C:/Users/f_bes/AppData/Local/Temp/_gbsbuild/obj/trigger_14_interact.rel
                                          [ trigger_14_interact ]
C:/Users/f_bes/AppData/Local/Temp/_gbsbuild/obj/trigger_15_interact.rel
                                          [ trigger_15_interact ]
C:/Users/f_bes/AppData/Local/Temp/_gbsbuild/obj/trigger_16_interact.rel
                                          [ trigger_16_interact ]
C:/Users/f_bes/AppData/Local/Temp/_gbsbuild/obj/trigger_17_interact.rel
                                          [ trigger_17_interact ]
C:/Users/f_bes/AppData/Local/Temp/_gbsbuild/obj/trigger_18_interact.rel
                                          [ trigger_18_interact ]
C:/Users/f_bes/AppData/Local/Temp/_gbsbuild/obj/trigger_19_interact.rel
                                          [ trigger_19_interact ]
C:/Users/f_bes/AppData/Local/Temp/_gbsbuild/obj/trigger_2_interact.rel
                                          [ trigger_2_interact ]
C:/Users/f_bes/AppData/Local/Temp/_gbsbuild/obj/trigger_20_interact.rel
                                          [ trigger_20_interact ]
C:/Users/f_bes/AppData/Local/Temp/_gbsbuild/obj/trigger_21_interact.rel
                                          [ trigger_21_interact ]
C:/Users/f_bes/AppData/Local/Temp/_gbsbuild/obj/trigger_22_interact.rel
                                          [ trigger_22_interact ]
C:/Users/f_bes/AppData/Local/Temp/_gbsbuild/obj/trigger_23_interact.rel
                                          [ trigger_23_interact ]
C:/Users/f_bes/AppData/Local/Temp/_gbsbuild/obj/trigger_24_interact.rel
                                          [ trigger_24_interact ]
C:/Users/f_bes/AppData/Local/Temp/_gbsbuild/obj/trigger_25_interact.rel
                                          [ trigger_25_interact ]
C:/Users/f_bes/AppData/Local/Temp/_gbsbuild/obj/trigger_26_interact.rel
                                          [ trigger_26_interact ]
C:/Users/f_bes/AppData/Local/Temp/_gbsbuild/obj/trigger_27_interact.rel
                                          [ trigger_27_interact ]
C:/Users/f_bes/AppData/Local/Temp/_gbsbuild/obj/trigger_28_interact.rel
                                          [ trigger_28_interact ]
C:/Users/f_bes/AppData/Local/Temp/_gbsbuild/obj/trigger_29_interact.rel
                                          [ trigger_29_interact ]
C:/Users/f_bes/AppData/Local/Temp/_gbsbuild/obj/trigger_3_interact.rel
                                          [ trigger_3_interact ]
C:/Users/f_bes/AppData/Local/Temp/_gbsbuild/obj/trigger_30_interact.rel
                                          [ trigger_30_interact ]
C:/Users/f_bes/AppData/Local/Temp/_gbsbuild/obj/trigger_31_interact.rel
                                          [ trigger_31_interact ]
C:/Users/f_bes/AppData/Local/Temp/_gbsbuild/obj/trigger_32_interact.rel
                                          [ trigger_32_interact ]
C:/Users/f_bes/AppData/Local/Temp/_gbsbuild/obj/trigger_33_interact.rel
                                          [ trigger_33_interact ]
C:/Users/f_bes/AppData/Local/Temp/_gbsbuild/obj/trigger_34_interact.rel
                                          [ trigger_34_interact ]
C:/Users/f_bes/AppData/Local/Temp/_gbsbuild/obj/trigger_35_interact.rel
                                          [ trigger_35_interact ]
C:/Users/f_bes/AppData/Local/Temp/_gbsbuild/obj/trigger_36_interact.rel
                                          [ trigger_36_interact ]
C:/Users/f_bes/AppData/Local/Temp/_gbsbuild/obj/trigger_37_interact.rel
                                          [ trigger_37_interact ]
C:/Users/f_bes/AppData/Local/Temp/_gbsbuild/obj/trigger_38_interact.rel
                                          [ trigger_38_interact ]
C:/Users/f_bes/AppData/Local/Temp/_gbsbuild/obj/trigger_39_interact.rel
                                          [ trigger_39_interact ]
C:/Users/f_bes/AppData/Local/Temp/_gbsbuild/obj/trigger_4_interact.rel
                                          [ trigger_4_interact ]
C:/Users/f_bes/AppData/Local/Temp/_gbsbuild/obj/trigger_40_interact.rel
                                          [ trigger_40_interact ]
C:/Users/f_bes/AppData/Local/Temp/_gbsbuild/obj/trigger_41_interact.rel
                                          [ trigger_41_interact ]
C:/Users/f_bes/AppData/Local/Temp/_gbsbuild/obj/trigger_42_interact.rel
                                          [ trigger_42_interact ]
C:/Users/f_bes/AppData/Local/Temp/_gbsbuild/obj/trigger_43_interact.rel
                                          [ trigger_43_interact ]
C:/Users/f_bes/AppData/Local/Temp/_gbsbuild/obj/trigger_5_interact.rel
                                          [ trigger_5_interact ]
C:/Users/f_bes/AppData/Local/Temp/_gbsbuild/obj/trigger_6_interact.rel
                                          [ trigger_6_interact ]
C:/Users/f_bes/AppData/Local/Temp/_gbsbuild/obj/trigger_7_interact.rel
                                          [ trigger_7_interact ]
C:/Users/f_bes/AppData/Local/Temp/_gbsbuild/obj/trigger_8_interact.rel
                                          [ trigger_8_interact ]
C:/Users/f_bes/AppData/Local/Temp/_gbsbuild/obj/trigger_9_interact.rel
                                          [ trigger_9_interact ]
C:/Users/f_bes/AppData/Local/Temp/_gbsbuild/obj/main.rel
                                          [ main ]
C:/Users/f_bes/AppData/Local/Temp/_gbsbuild/obj/logo.rel
                                          [ logo ]
C:/Users/f_bes/AppData/Local/Temp/_gbsbuild/obj/pointnclick.rel
                                          [ pointnclick ]
C:/Users/f_bes/AppData/Local/Temp/_gbsbuild/obj/states_ptrs.rel
                                          [  ]
C:/Users/f_bes/AppData/Local/Temp/_gbsbuild/obj/topdown.rel
                                          [ topdown ]


Libraries Linked                          [ object file ]

C:\Users\f_bes\AppData\Local\Temp/_gbstools/gbdk/lib/gb/gb.lib
                                          [ fill_rect_wi.o ]
C:\Users\f_bes\AppData\Local\Temp/_gbstools/gbdk/lib/sm83/sm83.lib
                                          [ rand.o ]
lib/hUGEDriver.lib                        [ hUGEDriver.o ]
C:\Users\f_bes\AppData\Local\Temp/_gbstools/gbdk/lib/gb/gb.lib
                                          [ sfr.o ]
C:\Users\f_bes\AppData\Local\Temp/_gbstools/gbdk/lib/gb/gb.lib
                                          [ get_data.o ]
C:\Users\f_bes\AppData\Local\Temp/_gbstools/gbdk/lib/gb/gb.lib
                                          [ get_tile.o ]
C:\Users\f_bes\AppData\Local\Temp/_gbstools/gbdk/lib/gb/gb.lib
                                          [ cgb_palettes.o ]
C:\Users\f_bes\AppData\Local\Temp/_gbstools/gbdk/lib/gb/gb.lib
                                          [ metasprites_hide_spr.o ]
C:\Users\f_bes\AppData\Local\Temp/_gbstools/gbdk/lib/sm83/sm83.lib
                                          [ mul.o ]
C:\Users\f_bes\AppData\Local\Temp/_gbstools/gbdk/lib/gb/gb.lib
                                          [ set_tile.o ]
C:\Users\f_bes\AppData\Local\Temp/_gbstools/gbdk/lib/sm83/sm83.lib
                                          [ abs.o ]
C:\Users\f_bes\AppData\Local\Temp/_gbstools/gbdk/lib/gb/gb.lib
                                          [ set_wi_t.o ]
C:\Users\f_bes\AppData\Local\Temp/_gbstools/gbdk/lib/gb/gb.lib
                                          [ set_data.o ]
C:\Users\f_bes\AppData\Local\Temp/_gbstools/gbdk/lib/sm83/sm83.lib
                                          [ reverse.o ]
C:\Users\f_bes\AppData\Local\Temp/_gbstools/gbdk/lib/gb/gb.lib
                                          [ far_ptr.o ]
C:\Users\f_bes\AppData\Local\Temp/_gbstools/gbdk/lib/gb/gb.lib
                                          [ sgb.o ]
C:\Users\f_bes\AppData\Local\Temp/_gbstools/gbdk/lib/gb/gb.lib
                                          [ lcd.o ]
C:\Users\f_bes\AppData\Local\Temp/_gbstools/gbdk/lib/gb/gb.lib
                                          [ fill_rect.o ]
C:\Users\f_bes\AppData\Local\Temp/_gbstools/gbdk/lib/gb/gb.lib
                                          [ cpy_data.o ]
C:\Users\f_bes\AppData\Local\Temp/_gbstools/gbdk/lib/gb/gb.lib
                                          [ fill_rect_bk.o ]
C:\Users\f_bes\AppData\Local\Temp/_gbstools/gbdk/lib/gb/gb.lib
                                          [ pad.o ]
C:\Users\f_bes\AppData\Local\Temp/_gbstools/gbdk/lib/gb/gb.lib
                                          [ metasprites.o ]
C:\Users\f_bes\AppData\Local\Temp/_gbstools/gbdk/lib/sm83/sm83.lib
                                          [ __sdcc_call_hl.o ]
C:\Users\f_bes\AppData\Local\Temp/_gbstools/gbdk/lib/sm83/sm83.lib
                                          [ memcpy.o ]
C:\Users\f_bes\AppData\Local\Temp/_gbstools/gbdk/lib/sm83/sm83.lib
                                          [ _memset.o ]
C:\Users\f_bes\AppData\Local\Temp/_gbstools/gbdk/lib/gb/gb.lib
                                          [ set_xy_t.o ]
C:\Users\f_bes\AppData\Local\Temp/_gbstools/gbdk/lib/gb/gb.lib
                                          [ ___sdcc_bcall_ehl.o ]
C:\Users\f_bes\AppData\Local\Temp/_gbstools/gbdk/lib/gb/gb.lib
                                          [ cgb.o ]
C:\Users\f_bes\AppData\Local\Temp/_gbstools/gbdk/lib/sm83/sm83.lib
                                          [ div.o ]
C:\Users\f_bes\AppData\Local\Temp/_gbstools/gbdk/lib/gb/gb.lib
                                          [ set_bk_t.o ]

ASxxxx Linker V03.00/V05.40 + sdld,  page 140.

User Base Address Definitions

_DATA=0xC0A0
_CODE=0x0200
ASxxxx Linker V03.00/V05.40 + sdld,  page 141.

User Global Definitions

.STACK=0xDF00
_shadow_OAM=0xC000
.refresh_OAM=0xFF80
__start_save=60

